// Jest Snapshot v1, https://goo.gl/fbAQLP

exports[`HttpMessage 1`] = `
<DocumentFragment>
  <div
    class="contentview"
  >
    <div
      class="controls"
    >
      <div>
        <h5>
          Raw
        </h5>
      </div>
       
      <button
        class="btn-xs btn btn-default"
      >
        <i
          class="fa fa-clipboard"
        />
         Copy
      </button>
       
      <a
        class="btn btn-default btn-xs"
        href="#"
        title="Upload a file to replace the content."
      >
        <i
          class="fa fa-fw fa-upload"
        />
        Replace
        <input
          class="hidden"
          type="file"
        />
      </a>
       
      <a
        class="btn btn-default btn-xs"
        href="#"
      >
        <span>
          <i
            class="fa fa-fw fa-files-o"
          />
           
          <b>
            View:
          </b>
           raw 
          <span
            class="caret"
          />
        </span>
      </a>
    </div>
    <div
      class="codeeditor"
    >
      <pre
        data-testid="mock-editor"
      >
        rawdata
rawdata
rawdata
rawdata
rawdata

      </pre>
    </div>
  </div>
</DocumentFragment>
`;

exports[`HttpMessage 2`] = `
<DocumentFragment>
  <div
    class="contentview"
  >
    <div
      class="controls"
    >
      <div>
        <h5>
          Raw
        </h5>
      </div>
       
      <button
        class="btn-xs btn btn-default"
      >
        <i
          class="fa fa-clipboard"
        />
         Copy
      </button>
       
      <a
        class="btn btn-default btn-xs"
        href="#"
        title="Upload a file to replace the content."
      >
        <i
          class="fa fa-fw fa-upload"
        />
        Replace
        <input
          class="hidden"
          type="file"
        />
      </a>
       
      <a
        class="btn btn-default btn-xs"
        href="#"
      >
        <span>
          <i
            class="fa fa-fw fa-files-o"
          />
           
          <b>
            View:
          </b>
           raw 
          <span
            class="caret"
          />
        </span>
      </a>
    </div>
    <div
      class="codeeditor"
    >
      <pre
        data-testid="mock-editor"
      >
        rawdata
rawdata
rawdata
rawdata
rawdata

      </pre>
    </div>
  </div>
</DocumentFragment>
`;

exports[`ViewImage 1`] = `
<DocumentFragment>
  <div
    class="flowview-image"
  >
    <img
      alt="preview"
      class="img-thumbnail"
      src="./flows/d91165be-ca1f-4612-88a9-c0f8696f3e29/request/content.data"
    />
  </div>
</DocumentFragment>
`;
