// Jest Snapshot v1, https://goo.gl/fbAQLP

exports[`ContentRenderer 1`] = `
<DocumentFragment>
  <pre>
    <div>
      foo: 42
    </div>
    <button
      class="btn btn-xs btn-info"
    >
      <i
        aria-hidden="true"
        class="fa fa-angle-double-down"
      />
       Show more
    </button>
    <div />
  </pre>
</DocumentFragment>
`;

exports[`No content 1`] = `<DocumentFragment />`;
