// Jest Snapshot v1, https://goo.gl/fbAQLP

exports[`ContentRenderer 1`] = `
<DocumentFragment>
  <pre>
    <div>
      foo: 42
    </div>
    <button
      class="btn btn-xs btn-info"
    >
      <svg
        aria-hidden="true"
        class="lucide lucide-chevrons-down icon icon-expandMore"
        fill="none"
        height="16"
        stroke="currentColor"
        stroke-linecap="round"
        stroke-linejoin="round"
        stroke-width="2"
        viewBox="0 0 24 24"
        width="16"
        xmlns="http://www.w3.org/2000/svg"
      >
        <path
          d="m7 6 5 5 5-5"
        />
        <path
          d="m7 13 5 5 5-5"
        />
      </svg>
       Show more
    </button>
    <div />
  </pre>
</DocumentFragment>
`;

exports[`No content 1`] = `<DocumentFragment />`;
