// Jest Snapshot v1, https://goo.gl/fbAQLP

exports[`LineRenderer 1`] = `
<DocumentFragment>
  <pre>
    <div>
      <span
        class="header"
      >
        foo: 
      </span>
      <span
        class="text"
      >
        42
      </span>
    </div>
    <button
      class="btn btn-xs btn-info"
    >
      <i
        aria-hidden="true"
        class="fa fa-angle-double-down"
      />
       Show more
    </button>
  </pre>
</DocumentFragment>
`;

exports[`No lines 1`] = `<DocumentFragment />`;
