// Jest Snapshot v1, https://goo.gl/fbAQLP

exports[`FlowRow 1`] = `
<DocumentFragment>
  <table>
    <tbody>
      <tr
        class="intercepted has-request has-response"
      >
        <td
          class="col-tls col-tls-https"
        />
        <td
          class="col-icon"
        >
          <div
            class="resource-icon resource-icon-websocket"
          />
        </td>
        <td
          class="col-path"
        >
          <svg
            aria-hidden="true"
            class="lucide lucide-pause icon icon-pause float-right"
            fill="none"
            height="16"
            stroke="currentColor"
            stroke-linecap="round"
            stroke-linejoin="round"
            stroke-width="2"
            viewBox="0 0 24 24"
            width="16"
            xmlns="http://www.w3.org/2000/svg"
          >
            <rect
              height="18"
              rx="1"
              width="5"
              x="14"
              y="3"
            />
            <rect
              height="18"
              rx="1"
              width="5"
              x="5"
              y="3"
            />
          </svg>
          <svg
            aria-hidden="true"
            class="lucide lucide-triangle-alert icon icon-warning float-right"
            fill="none"
            height="16"
            stroke="currentColor"
            stroke-linecap="round"
            stroke-linejoin="round"
            stroke-width="2"
            viewBox="0 0 24 24"
            width="16"
            xmlns="http://www.w3.org/2000/svg"
          >
            <path
              d="m21.73 18-8-14a2 2 0 0 0-3.48 0l-8 14A2 2 0 0 0 4 21h16a2 2 0 0 0 1.73-3"
            />
            <path
              d="M12 9v4"
            />
            <path
              d="M12 17h.01"
            />
          </svg>
          <span
            class="marker float-right"
          />
          http://address:22/path
        </td>
        <td
          class="col-method"
        >
          WSS
        </td>
        <td
          class="col-status"
          style="color: darkgreen;"
        >
          200
        </td>
        <td
          class="col-size"
        >
          43b
        </td>
        <td
          class="col-time"
        >
          5s
        </td>
        <td
          class="col-quickactions"
        >
          <div>
            <a
              class="quickaction"
              href="#"
            >
              <svg
                aria-hidden="true"
                class="lucide lucide-play icon icon-resume text-success"
                fill="none"
                height="16"
                stroke="currentColor"
                stroke-linecap="round"
                stroke-linejoin="round"
                stroke-width="2"
                viewBox="0 0 24 24"
                width="16"
                xmlns="http://www.w3.org/2000/svg"
              >
                <path
                  d="M5 5a2 2 0 0 1 3.008-1.728l11.997 6.998a2 2 0 0 1 .003 3.458l-12 7A2 2 0 0 1 5 19z"
                />
              </svg>
            </a>
          </div>
        </td>
      </tr>
      <tr
        class=""
      >
        <td
          class="col-tls col-tls-https"
        />
        <td
          class="col-icon"
        >
          <div
            class="resource-icon resource-icon-dns"
          />
        </td>
        <td
          class="col-path"
        >
          <svg
            aria-hidden="true"
            class="lucide lucide-triangle-alert icon icon-warning float-right"
            fill="none"
            height="16"
            stroke="currentColor"
            stroke-linecap="round"
            stroke-linejoin="round"
            stroke-width="2"
            viewBox="0 0 24 24"
            width="16"
            xmlns="http://www.w3.org/2000/svg"
          >
            <path
              d="m21.73 18-8-14a2 2 0 0 0-3.48 0l-8 14A2 2 0 0 0 4 21h16a2 2 0 0 0 1.73-3"
            />
            <path
              d="M12 9v4"
            />
            <path
              d="M12 17h.01"
            />
          </svg>
          <span
            class="marker float-right"
          />
          dns.google A = 8.8.8.8, 8.8.4.4
        </td>
        <td
          class="col-method"
        >
          QUERY
        </td>
        <td
          class="col-status"
          style="color: darkgreen;"
        >
          NOERROR
        </td>
        <td
          class="col-size"
        >
          8b
        </td>
        <td
          class="col-time"
        >
          1s
        </td>
        <td
          class="col-quickactions"
        />
      </tr>
    </tbody>
  </table>
</DocumentFragment>
`;
