// Jest Snapshot v1, https://goo.gl/fbAQLP

exports[`FlowTableHead Component 1`] = `
<DocumentFragment>
  <table>
    <thead>
      <tr>
        <th
          class="col-tls"
        >
          <span
            class="th-content"
          />
        </th>
        <th
          class="col-icon"
        >
          <span
            class="th-content"
          />
        </th>
        <th
          class="col-path sort-desc"
        >
          <span
            class="th-content"
          >
            Path
          </span>
          <svg
            aria-hidden="true"
            class="lucide lucide-chevron-down icon icon-chevronDown sort-indicator"
            fill="none"
            height="16"
            stroke="currentColor"
            stroke-linecap="round"
            stroke-linejoin="round"
            stroke-width="3"
            viewBox="0 0 24 24"
            width="16"
            xmlns="http://www.w3.org/2000/svg"
          >
            <path
              d="m6 9 6 6 6-6"
            />
          </svg>
        </th>
        <th
          class="col-method"
        >
          <span
            class="th-content"
          >
            Method
          </span>
        </th>
        <th
          class="col-status"
        >
          <span
            class="th-content"
          >
            Status
          </span>
        </th>
        <th
          class="col-size"
        >
          <span
            class="th-content"
          >
            Size
          </span>
        </th>
        <th
          class="col-time"
        >
          <span
            class="th-content"
          >
            Time
          </span>
        </th>
        <th
          class="col-quickactions"
        >
          <span
            class="th-content"
          />
        </th>
      </tr>
    </thead>
  </table>
</DocumentFragment>
`;
