// Jest Snapshot v1, https://goo.gl/fbAQLP

exports[`CaptureSetup 1`] = `
<DocumentFragment>
  <div
    style="padding: 1em 2em;"
  >
    <h3>
      mitmproxy is running.
    </h3>
    <p>
      No flows have been recorded yet.
      <br />
      Configure your client to use one of the following proxy servers:
    </p>
    <ul
      class="fa-ul"
    >
      <li>
        <i
          class="fa fa-li fa-check text-success"
        />
        HTTP(S) proxy listening at 127.0.0.1:8080 and [::1]:8080.
      </li>
      <li>
        <i
          class="fa fa-li fa-exclamation text-error"
        />
        Reverse proxy to example.com (reverse:example.com):
        <br />
        I failed somehow.
      </li>
      <li>
        <i
          class="fa fa-li fa-pause text-warning"
        />
        SOCKS v5 proxy (socks5)
      </li>
    </ul>
  </div>
</DocumentFragment>
`;
