// Jest Snapshot v1, https://goo.gl/fbAQLP

exports[`EventLog 1`] = `
<DocumentFragment>
  <div
    class="eventlog"
    style="height: 200px;"
  >
    <div>
      Eventlog
      <div
        class="eventlog-actions float-right"
      >
        <div
          class="btn toggle btn-primary toggle-on"
        >
          <svg
            aria-hidden="true"
            class="lucide lucide-square-check icon icon-confirmSquare"
            fill="none"
            height="16"
            stroke="currentColor"
            stroke-linecap="round"
            stroke-linejoin="round"
            stroke-width="2"
            viewBox="0 0 24 24"
            width="16"
            xmlns="http://www.w3.org/2000/svg"
          >
            <rect
              height="18"
              rx="2"
              width="18"
              x="3"
              y="3"
            />
            <path
              d="m9 12 2 2 4-4"
            />
          </svg>
          debug
        </div>
        <div
          class="btn toggle btn-primary toggle-on"
        >
          <svg
            aria-hidden="true"
            class="lucide lucide-square-check icon icon-confirmSquare"
            fill="none"
            height="16"
            stroke="currentColor"
            stroke-linecap="round"
            stroke-linejoin="round"
            stroke-width="2"
            viewBox="0 0 24 24"
            width="16"
            xmlns="http://www.w3.org/2000/svg"
          >
            <rect
              height="18"
              rx="2"
              width="18"
              x="3"
              y="3"
            />
            <path
              d="m9 12 2 2 4-4"
            />
          </svg>
          info
        </div>
        <div
          class="btn toggle btn-default toggle-off"
        >
          <svg
            aria-hidden="true"
            class="lucide lucide-square icon icon-square"
            fill="none"
            height="16"
            stroke="currentColor"
            stroke-linecap="round"
            stroke-linejoin="round"
            stroke-width="2"
            viewBox="0 0 24 24"
            width="16"
            xmlns="http://www.w3.org/2000/svg"
          >
            <rect
              height="18"
              rx="2"
              width="18"
              x="3"
              y="3"
            />
          </svg>
          web
        </div>
        <div
          class="btn toggle btn-primary toggle-on"
        >
          <svg
            aria-hidden="true"
            class="lucide lucide-square-check icon icon-confirmSquare"
            fill="none"
            height="16"
            stroke="currentColor"
            stroke-linecap="round"
            stroke-linejoin="round"
            stroke-width="2"
            viewBox="0 0 24 24"
            width="16"
            xmlns="http://www.w3.org/2000/svg"
          >
            <rect
              height="18"
              rx="2"
              width="18"
              x="3"
              y="3"
            />
            <path
              d="m9 12 2 2 4-4"
            />
          </svg>
          warn
        </div>
        <div
          class="btn toggle btn-primary toggle-on"
        >
          <svg
            aria-hidden="true"
            class="lucide lucide-square-check icon icon-confirmSquare"
            fill="none"
            height="16"
            stroke="currentColor"
            stroke-linecap="round"
            stroke-linejoin="round"
            stroke-width="2"
            viewBox="0 0 24 24"
            width="16"
            xmlns="http://www.w3.org/2000/svg"
          >
            <rect
              height="18"
              rx="2"
              width="18"
              x="3"
              y="3"
            />
            <path
              d="m9 12 2 2 4-4"
            />
          </svg>
          error
        </div>
        <svg
          aria-hidden="true"
          class="lucide lucide-x icon icon-close"
          fill="none"
          height="16"
          stroke="currentColor"
          stroke-linecap="round"
          stroke-linejoin="round"
          stroke-width="2"
          viewBox="0 0 24 24"
          width="16"
          xmlns="http://www.w3.org/2000/svg"
        >
          <path
            d="M18 6 6 18"
          />
          <path
            d="m6 6 12 12"
          />
        </svg>
      </div>
    </div>
    <pre>
      <div
        style="height: 0px;"
      />
      <div>
        <svg
          aria-hidden="true"
          class="lucide lucide-info icon icon-info"
          fill="none"
          height="16"
          stroke="currentColor"
          stroke-linecap="round"
          stroke-linejoin="round"
          stroke-width="2"
          viewBox="0 0 24 24"
          width="16"
          xmlns="http://www.w3.org/2000/svg"
        >
          <circle
            cx="12"
            cy="12"
            r="10"
          />
          <path
            d="M12 16v-4"
          />
          <path
            d="M12 8h.01"
          />
        </svg>
        foo
      </div>
      <div
        style="height: 18px;"
      />
    </pre>
  </div>
</DocumentFragment>
`;
