// Jest Snapshot v1, https://goo.gl/fbAQLP

exports[`EventLog 1`] = `
<DocumentFragment>
  <div
    class="eventlog"
    style="height: 200px;"
  >
    <div>
      Eventlog
      <div
        class="float-right"
      >
        <div
          class="btn toggle btn-primary toggle-on"
        >
          <i
            class="fa fa-fw fa-check-square-o"
          />
           debug
        </div>
        <div
          class="btn toggle btn-primary toggle-on"
        >
          <i
            class="fa fa-fw fa-check-square-o"
          />
           info
        </div>
        <div
          class="btn toggle btn-default toggle-off"
        >
          <i
            class="fa fa-fw fa-square-o"
          />
           web
        </div>
        <div
          class="btn toggle btn-primary toggle-on"
        >
          <i
            class="fa fa-fw fa-check-square-o"
          />
           warn
        </div>
        <div
          class="btn toggle btn-primary toggle-on"
        >
          <i
            class="fa fa-fw fa-check-square-o"
          />
           error
        </div>
        <i
          class="fa fa-close"
        />
      </div>
    </div>
    <pre>
      <div
        style="height: 0px;"
      />
      <div>
        <i
          class="fa fa-fw fa-info"
        />
        foo
      </div>
      <div
        style="height: 18px;"
      />
    </pre>
  </div>
</DocumentFragment>
`;
