// Jest Snapshot v1, https://goo.gl/fbAQLP

exports[`EventList Component should render correctly 1`] = `
<DocumentFragment>
  <pre>
    <div
      style="height: 0px;"
    />
    <div>
      <i
        class="fa fa-fw fa-info"
      />
      foo
    </div>
    <div
      style="height: 18px;"
    />
  </pre>
</DocumentFragment>
`;
