// Jest Snapshot v1, https://goo.gl/fbAQLP

exports[`EventList Component should render correctly 1`] = `
<DocumentFragment>
  <pre>
    <div
      style="height: 0px;"
    />
    <div>
      <svg
        aria-hidden="true"
        class="lucide lucide-info icon icon-info"
        fill="none"
        height="16"
        stroke="currentColor"
        stroke-linecap="round"
        stroke-linejoin="round"
        stroke-width="2"
        viewBox="0 0 24 24"
        width="16"
        xmlns="http://www.w3.org/2000/svg"
      >
        <circle
          cx="12"
          cy="12"
          r="10"
        />
        <path
          d="M12 16v-4"
        />
        <path
          d="M12 8h.01"
        />
      </svg>
      foo
    </div>
    <div
      style="height: 18px;"
    />
  </pre>
</DocumentFragment>
`;
