// Jest Snapshot v1, https://goo.gl/fbAQLP

exports[`FilterInput Component should render correctly 1`] = `
<DocumentFragment>
  <div
    class="filter-input input-group"
  >
    <span
      class="input-group-addon"
    >
      <i
        class="fa fa-fw fa-search"
        style="color: red;"
      />
    </span>
    <input
      class="form-control"
      placeholder="bar"
      type="text"
      value="42"
    />
  </div>
</DocumentFragment>
`;
