// Jest Snapshot v1, https://goo.gl/fbAQLP

exports[`MainMenu 1`] = `
<DocumentFragment>
  <div
    class="main-menu"
  >
    <div
      class="menu-group"
    >
      <div
        class="menu-content"
      >
        <div
          class="filter-input input-group"
        >
          <span
            class="input-group-addon"
          >
            <span
              style="color: black;"
            >
              <svg
                aria-hidden="true"
                class="lucide lucide-search icon icon-search"
                fill="none"
                height="16"
                stroke="currentColor"
                stroke-linecap="round"
                stroke-linejoin="round"
                stroke-width="2.5"
                viewBox="0 0 24 24"
                width="16"
                xmlns="http://www.w3.org/2000/svg"
              >
                <path
                  d="m21 21-4.34-4.34"
                />
                <circle
                  cx="11"
                  cy="11"
                  r="8"
                />
              </svg>
            </span>
          </span>
          <input
            class="input"
            placeholder="Search"
            type="text"
            value="~u /second | ~tcp | ~dns | ~udp"
          />
        </div>
        <div
          class="filter-input input-group"
        >
          <span
            class="input-group-addon"
          >
            <span
              style="color: rgb(0, 0, 0);"
            >
              <svg
                aria-hidden="true"
                class="lucide lucide-highlighter icon icon-highlight"
                fill="none"
                height="16"
                stroke="currentColor"
                stroke-linecap="round"
                stroke-linejoin="round"
                stroke-width="2.5"
                viewBox="0 0 24 24"
                width="16"
                xmlns="http://www.w3.org/2000/svg"
              >
                <path
                  d="m9 11-6 6v3h9l3-3"
                />
                <path
                  d="m22 12-4.6 4.6a2 2 0 0 1-2.8 0l-5.2-5.2a2 2 0 0 1 0-2.8L14 4"
                />
              </svg>
            </span>
          </span>
          <input
            class="input"
            placeholder="Highlight"
            type="text"
            value="~u /path"
          />
        </div>
      </div>
      <div
        class="menu-legend"
      >
        Find
      </div>
    </div>
    <div
      class="menu-group"
    >
      <div
        class="menu-content"
      >
        <div
          class="filter-input input-group"
        >
          <span
            class="input-group-addon"
          >
            <span
              style="color: rgb(68, 68, 68);"
            >
              <svg
                aria-hidden="true"
                class="lucide lucide-pause icon icon-intercept"
                fill="none"
                height="16"
                stroke="currentColor"
                stroke-linecap="round"
                stroke-linejoin="round"
                stroke-width="2.5"
                viewBox="0 0 24 24"
                width="16"
                xmlns="http://www.w3.org/2000/svg"
              >
                <rect
                  height="18"
                  rx="1"
                  width="5"
                  x="14"
                  y="3"
                />
                <rect
                  height="18"
                  rx="1"
                  width="5"
                  x="5"
                  y="3"
                />
              </svg>
            </span>
          </span>
          <input
            class="input"
            placeholder="Intercept"
            type="text"
            value=""
          />
        </div>
        <button
          class="btn-sm btn btn-default"
          title="[a]ccept all"
        >
          <svg
            aria-hidden="true"
            class="lucide lucide-step-forward icon icon-resumeAll text-success"
            fill="none"
            height="16"
            stroke="currentColor"
            stroke-linecap="round"
            stroke-linejoin="round"
            stroke-width="2"
            viewBox="0 0 24 24"
            width="16"
            xmlns="http://www.w3.org/2000/svg"
          >
            <path
              d="M10.029 4.285A2 2 0 0 0 7 6v12a2 2 0 0 0 3.029 1.715l9.997-5.998a2 2 0 0 0 .003-3.432z"
            />
            <path
              d="M3 4v16"
            />
          </svg>
           Resume All
        </button>
      </div>
      <div
        class="menu-legend"
      >
        Intercept
      </div>
    </div>
  </div>
</DocumentFragment>
`;
