// Jest Snapshot v1, https://goo.gl/fbAQLP

exports[`OptionMenu Component should render correctly 1`] = `
<DocumentFragment>
  <div>
    <div
      class="menu-group"
    >
      <div
        class="menu-content"
      >
        <button
          class="btn btn-default"
          title="Open Options"
        >
          <i
            class="fa fa-cogs text-primary"
          />
           Edit Options 
          <sup>
            alpha
          </sup>
        </button>
      </div>
      <div
        class="menu-legend"
      >
        Options Editor
      </div>
    </div>
    <div
      class="menu-group"
    >
      <div
        class="menu-content"
      >
        <div
          class="menu-entry"
        >
          <label>
            <input
              type="checkbox"
            />
            Strip cache headers 
            <a
              href="https://docs.mitmproxy.org/stable/overview/features/#anticache"
              rel="noreferrer"
              target="_blank"
            >
              <i
                class="fa fa-question-circle"
              />
            </a>
          </label>
        </div>
        <div
          class="menu-entry"
        >
          <label>
            <input
              type="checkbox"
            />
            Use host header for display 
            <a
              href="https://docs.mitmproxy.org/stable/concepts/options/#showhost"
              rel="noreferrer"
              target="_blank"
            >
              <i
                class="fa fa-question-circle"
              />
            </a>
          </label>
        </div>
        <div
          class="menu-entry"
        >
          <label>
            <input
              type="checkbox"
            />
            Don't verify server certificates 
            <a
              href="https://docs.mitmproxy.org/stable/concepts/options/#ssl_insecure"
              rel="noreferrer"
              target="_blank"
            >
              <i
                class="fa fa-question-circle"
              />
            </a>
          </label>
        </div>
      </div>
      <div
        class="menu-legend"
      >
        Quick Options
      </div>
    </div>
    <div
      class="menu-group"
    >
      <div
        class="menu-content"
      >
        <div
          class="menu-entry"
        >
          <label>
            <input
              checked=""
              type="checkbox"
            />
            Display Event Log
          </label>
        </div>
        <div
          class="menu-entry"
        >
          <label>
            <input
              type="checkbox"
            />
            Display Command Bar
          </label>
        </div>
      </div>
      <div
        class="menu-legend"
      >
        View Options
      </div>
    </div>
  </div>
</DocumentFragment>
`;
