// Jest Snapshot v1, https://goo.gl/fbAQLP

exports[`CommandBar Component 1`] = `
<DocumentFragment>
  <div
    class="command"
  >
    <div
      class="command-title"
    >
      Command Result
    </div>
    <div
      class="command-result"
    />
    <div
      class="command-input input-group"
    >
      <span
        class="input-group-addon"
      >
        <i
          class="fa fa-fw fa-terminal"
        />
      </span>
      <input
        class="form-control"
        placeholder="Enter command"
        type="text"
        value=""
      />
    </div>
    <div
      class="available-commands popover bottom"
    >
      Available Commands: []
    </div>
  </div>
</DocumentFragment>
`;
